Archive member included because of file (symbol)

c:/program files (x86)/gnu tools arm embedded/4.7 2013q2/bin/../lib/gcc/arm-none-eabi/4.7.4/../../../../arm-none-eabi/lib/armv7e-m\libg.a(lib_a-malloc.o)
                              ..\obj\util_Inversion.o (malloc)
c:/program files (x86)/gnu tools arm embedded/4.7 2013q2/bin/../lib/gcc/arm-none-eabi/4.7.4/../../../../arm-none-eabi/lib/armv7e-m\libg.a(lib_a-mallocr.o)
                              c:/program files (x86)/gnu tools arm embedded/4.7 2013q2/bin/../lib/gcc/arm-none-eabi/4.7.4/../../../../arm-none-eabi/lib/armv7e-m\libg.a(lib_a-malloc.o) (_malloc_r)
c:/program files (x86)/gnu tools arm embedded/4.7 2013q2/bin/../lib/gcc/arm-none-eabi/4.7.4/../../../../arm-none-eabi/lib/armv7e-m\libg.a(lib_a-memcpy.o)
                              ..\obj\app_AffDebug.o (memcpy)
c:/program files (x86)/gnu tools arm embedded/4.7 2013q2/bin/../lib/gcc/arm-none-eabi/4.7.4/../../../../arm-none-eabi/lib/armv7e-m\libg.a(lib_a-memset.o)
                              ..\obj\app_AffDebug.o (memset)
c:/program files (x86)/gnu tools arm embedded/4.7 2013q2/bin/../lib/gcc/arm-none-eabi/4.7.4/../../../../arm-none-eabi/lib/armv7e-m\libg.a(lib_a-mlock.o)
                              c:/program files (x86)/gnu tools arm embedded/4.7 2013q2/bin/../lib/gcc/arm-none-eabi/4.7.4/../../../../arm-none-eabi/lib/armv7e-m\libg.a(lib_a-mallocr.o) (__malloc_lock)
c:/program files (x86)/gnu tools arm embedded/4.7 2013q2/bin/../lib/gcc/arm-none-eabi/4.7.4/../../../../arm-none-eabi/lib/armv7e-m\libg.a(lib_a-sbrkr.o)
                              c:/program files (x86)/gnu tools arm embedded/4.7 2013q2/bin/../lib/gcc/arm-none-eabi/4.7.4/../../../../arm-none-eabi/lib/armv7e-m\libg.a(lib_a-mallocr.o) (_sbrk_r)
c:/program files (x86)/gnu tools arm embedded/4.7 2013q2/bin/../lib/gcc/arm-none-eabi/4.7.4/../../../../arm-none-eabi/lib/armv7e-m\libg.a(lib_a-strlen.o)
                              ..\obj\app_AffDebug.o (strlen)
c:/program files (x86)/gnu tools arm embedded/4.7 2013q2/bin/../lib/gcc/arm-none-eabi/4.7.4/../../../../arm-none-eabi/lib/armv7e-m\libg.a(lib_a-strncat.o)
                              ..\obj\drv_GPIO.o (strncat)
c:/program files (x86)/gnu tools arm embedded/4.7 2013q2/bin/../lib/gcc/arm-none-eabi/4.7.4/../../../../arm-none-eabi/lib/armv7e-m\libg.a(lib_a-strncmp.o)
                              ..\obj\app_AffDebug.o (strncmp)
c:/program files (x86)/gnu tools arm embedded/4.7 2013q2/bin/../lib/gcc/arm-none-eabi/4.7.4/../../../../arm-none-eabi/lib/armv7e-m\libg.a(lib_a-strncpy.o)
                              ..\obj\app_AffDebug.o (strncpy)
c:/program files (x86)/gnu tools arm embedded/4.7 2013q2/bin/../lib/gcc/arm-none-eabi/4.7.4/../../../../arm-none-eabi/lib/armv7e-m\libg.a(lib_a-freer.o)
                              c:/program files (x86)/gnu tools arm embedded/4.7 2013q2/bin/../lib/gcc/arm-none-eabi/4.7.4/../../../../arm-none-eabi/lib/armv7e-m\libg.a(lib_a-malloc.o) (_free_r)
c:/program files (x86)/gnu tools arm embedded/4.7 2013q2/bin/../lib/gcc/arm-none-eabi/4.7.4/../../../../arm-none-eabi/lib/armv7e-m\libg.a(lib_a-reent.o)
                              c:/program files (x86)/gnu tools arm embedded/4.7 2013q2/bin/../lib/gcc/arm-none-eabi/4.7.4/../../../../arm-none-eabi/lib/armv7e-m\libg.a(lib_a-sbrkr.o) (errno)

Allocating common symbols
Common symbol       size              file

errno               0x4               c:/program files (x86)/gnu tools arm embedded/4.7 2013q2/bin/../lib/gcc/arm-none-eabi/4.7.4/../../../../arm-none-eabi/lib/armv7e-m\libg.a(lib_a-reent.o)
CaptureValue        0x4               ..\obj\drv_InputCapture.o

Discarded input sections

 .text          0x00000000        0x0 ..\obj\stm32f4xx_syscfg.o
 .data          0x00000000        0x0 ..\obj\stm32f4xx_syscfg.o
 .bss           0x00000000        0x0 ..\obj\stm32f4xx_syscfg.o
 .text.SYSCFG_DeInit
                0x00000000       0x20 ..\obj\stm32f4xx_syscfg.o
 .text.SYSCFG_MemoryRemapConfig
                0x00000000       0x20 ..\obj\stm32f4xx_syscfg.o
 .text.SYSCFG_EXTILineConfig
                0x00000000       0xb0 ..\obj\stm32f4xx_syscfg.o
 .text.SYSCFG_ETH_MediaInterfaceConfig
                0x00000000       0x20 ..\obj\stm32f4xx_syscfg.o
 .text.SYSCFG_CompensationCellCmd
                0x00000000       0x20 ..\obj\stm32f4xx_syscfg.o
 .text.SYSCFG_GetCompensationCellStatus
                0x00000000       0x3c ..\obj\stm32f4xx_syscfg.o
 .debug_info    0x00000000      0x279 ..\obj\stm32f4xx_syscfg.o
 .debug_abbrev  0x00000000      0x133 ..\obj\stm32f4xx_syscfg.o
 .debug_loc     0x00000000      0x144 ..\obj\stm32f4xx_syscfg.o
 .debug_aranges
                0x00000000       0x48 ..\obj\stm32f4xx_syscfg.o
 .debug_ranges  0x00000000       0x38 ..\obj\stm32f4xx_syscfg.o
 .debug_line    0x00000000      0x1e2 ..\obj\stm32f4xx_syscfg.o
 .debug_str     0x00000000      0x29f ..\obj\stm32f4xx_syscfg.o
 .comment       0x00000000       0x71 ..\obj\stm32f4xx_syscfg.o
 .ARM.attributes
                0x00000000       0x33 ..\obj\stm32f4xx_syscfg.o
 .debug_frame   0x00000000       0xbc ..\obj\stm32f4xx_syscfg.o
 .text          0x00000000        0x0 ..\obj\stm32f4xx_usart.o
 .data          0x00000000        0x0 ..\obj\stm32f4xx_usart.o
 .bss           0x00000000        0x0 ..\obj\stm32f4xx_usart.o
 .text.USART_DeInit
                0x00000000      0x100 ..\obj\stm32f4xx_usart.o
 .text.USART_StructInit
                0x00000000       0x44 ..\obj\stm32f4xx_usart.o
 .text.USART_ClockStructInit
                0x00000000       0x34 ..\obj\stm32f4xx_usart.o
 .text.USART_SetPrescaler
                0x00000000       0x38 ..\obj\stm32f4xx_usart.o
 .text.USART_OverSampling8Cmd
                0x00000000       0x48 ..\obj\stm32f4xx_usart.o
 .text.USART_OneBitMethodCmd
                0x00000000       0x40 ..\obj\stm32f4xx_usart.o
 .text.USART_ReceiveData
                0x00000000       0x24 ..\obj\stm32f4xx_usart.o
 .text.USART_SetAddress
                0x00000000       0x38 ..\obj\stm32f4xx_usart.o
 .text.USART_ReceiverWakeUpCmd
                0x00000000       0x40 ..\obj\stm32f4xx_usart.o
 .text.USART_WakeUpConfig
                0x00000000       0x38 ..\obj\stm32f4xx_usart.o
 .text.USART_LINBreakDetectLengthConfig
                0x00000000       0x38 ..\obj\stm32f4xx_usart.o
 .text.USART_LINCmd
                0x00000000       0x40 ..\obj\stm32f4xx_usart.o
 .text.USART_SendBreak
                0x00000000       0x24 ..\obj\stm32f4xx_usart.o
 .text.USART_HalfDuplexCmd
                0x00000000       0x40 ..\obj\stm32f4xx_usart.o
 .text.USART_SetGuardTime
                0x00000000       0x3c ..\obj\stm32f4xx_usart.o
 .text.USART_SmartCardCmd
                0x00000000       0x40 ..\obj\stm32f4xx_usart.o
 .text.USART_SmartCardNACKCmd
                0x00000000       0x40 ..\obj\stm32f4xx_usart.o
 .text.USART_IrDAConfig
                0x00000000       0x38 ..\obj\stm32f4xx_usart.o
 .text.USART_IrDACmd
                0x00000000       0x40 ..\obj\stm32f4xx_usart.o
 .text.USART_DMACmd
                0x00000000       0x48 ..\obj\stm32f4xx_usart.o
 .text.USART_ITConfig
                0x00000000       0xa4 ..\obj\stm32f4xx_usart.o
 .text.USART_ClearFlag
                0x00000000       0x24 ..\obj\stm32f4xx_usart.o
 .text.USART_GetITStatus
                0x00000000       0xc4 ..\obj\stm32f4xx_usart.o
 .text.USART_ClearITPendingBit
                0x00000000       0x44 ..\obj\stm32f4xx_usart.o
 .text          0x00000000        0x0 ..\obj\stm32f4xx_pwr.o
 .data          0x00000000        0x0 ..\obj\stm32f4xx_pwr.o
 .bss           0x00000000        0x0 ..\obj\stm32f4xx_pwr.o
 .text.PWR_DeInit
                0x00000000       0x20 ..\obj\stm32f4xx_pwr.o
 .text.PWR_BackupAccessCmd
                0x00000000       0x20 ..\obj\stm32f4xx_pwr.o
 .text.PWR_PVDLevelConfig
                0x00000000       0x40 ..\obj\stm32f4xx_pwr.o
 .text.PWR_PVDCmd
                0x00000000       0x20 ..\obj\stm32f4xx_pwr.o
 .text.PWR_WakeUpPinCmd
                0x00000000       0x20 ..\obj\stm32f4xx_pwr.o
 .text.PWR_BackupRegulatorCmd
                0x00000000       0x20 ..\obj\stm32f4xx_pwr.o
 .text.PWR_MainRegulatorModeConfig
                0x00000000       0x4c ..\obj\stm32f4xx_pwr.o
 .text.PWR_FlashPowerDownCmd
                0x00000000       0x20 ..\obj\stm32f4xx_pwr.o
 .text.PWR_EnterSTOPMode
                0x00000000       0x80 ..\obj\stm32f4xx_pwr.o
 .text.PWR_EnterSTANDBYMode
                0x00000000       0x54 ..\obj\stm32f4xx_pwr.o
 .text.PWR_GetFlagStatus
                0x00000000       0x3c ..\obj\stm32f4xx_pwr.o
 .text.PWR_ClearFlag
                0x00000000       0x30 ..\obj\stm32f4xx_pwr.o
 .debug_info    0x00000000      0x543 ..\obj\stm32f4xx_pwr.o
 .debug_abbrev  0x00000000      0x181 ..\obj\stm32f4xx_pwr.o
 .debug_loc     0x00000000      0x288 ..\obj\stm32f4xx_pwr.o
 .debug_aranges
                0x00000000       0x78 ..\obj\stm32f4xx_pwr.o
 .debug_ranges  0x00000000       0x68 ..\obj\stm32f4xx_pwr.o
 .debug_line    0x00000000      0x27f ..\obj\stm32f4xx_pwr.o
 .debug_str     0x00000000      0x331 ..\obj\stm32f4xx_pwr.o
 .comment       0x00000000       0x71 ..\obj\stm32f4xx_pwr.o
 .ARM.attributes
                0x00000000       0x33 ..\obj\stm32f4xx_pwr.o
 .debug_frame   0x00000000      0x15c ..\obj\stm32f4xx_pwr.o
 .text          0x00000000        0x0 ..\obj\app_AffDebug.o
 .text          0x00000000        0x0 ..\obj\startup_stm32f4xx.o
 .data          0x00000000        0x0 ..\obj\startup_stm32f4xx.o
 .bss           0x00000000        0x0 ..\obj\startup_stm32f4xx.o
 .text          0x00000000        0x0 ..\obj\drv_InputCapture.o
 .data          0x00000000        0x0 ..\obj\drv_InputCapture.o
 .rodata        0x00000000      0x15c ..\obj\drv_InputCapture.o
 .text.InputCapture_init
                0x00000000      0x138 ..\obj\drv_InputCapture.o
 .text.InputCapture_GetValue
                0x00000000       0x20 ..\obj\drv_InputCapture.o
 .text.InputCapture_Desactiver
                0x00000000       0x14 ..\obj\drv_InputCapture.o
 .text.InputCapture_IT_init
                0x00000000       0xb4 ..\obj\drv_InputCapture.o
 .text          0x00000000        0x0 ..\obj\main.o
 .data          0x00000000        0x0 ..\obj\main.o
 .bss           0x00000000        0x0 ..\obj\main.o
 .rodata        0x00000000      0x1a4 ..\obj\main.o
 .text          0x00000000        0x0 ..\obj\stm32f4xx_rcc.o
 .bss           0x00000000        0x0 ..\obj\stm32f4xx_rcc.o
 .text.RCC_DeInit
                0x00000000       0x84 ..\obj\stm32f4xx_rcc.o
 .text.RCC_HSEConfig
                0x00000000       0x30 ..\obj\stm32f4xx_rcc.o
 .text.RCC_WaitForHSEStartUp
                0x00000000       0x64 ..\obj\stm32f4xx_rcc.o
 .text.RCC_AdjustHSICalibrationValue
                0x00000000       0x48 ..\obj\stm32f4xx_rcc.o
 .text.RCC_HSICmd
                0x00000000       0x20 ..\obj\stm32f4xx_rcc.o
 .text.RCC_LSEConfig
                0x00000000       0x60 ..\obj\stm32f4xx_rcc.o
 .text.RCC_LSICmd
                0x00000000       0x20 ..\obj\stm32f4xx_rcc.o
 .text.RCC_PLLConfig
                0x00000000       0x48 ..\obj\stm32f4xx_rcc.o
 .text.RCC_PLLCmd
                0x00000000       0x20 ..\obj\stm32f4xx_rcc.o
 .text.RCC_PLLI2SConfig
                0x00000000       0x30 ..\obj\stm32f4xx_rcc.o
 .text.RCC_PLLI2SCmd
                0x00000000       0x20 ..\obj\stm32f4xx_rcc.o
 .text.RCC_ClockSecuritySystemCmd
                0x00000000       0x20 ..\obj\stm32f4xx_rcc.o
 .text.RCC_MCO1Config
                0x00000000       0x48 ..\obj\stm32f4xx_rcc.o
 .text.RCC_MCO2Config
                0x00000000       0x48 ..\obj\stm32f4xx_rcc.o
 .text.RCC_SYSCLKConfig
                0x00000000       0x40 ..\obj\stm32f4xx_rcc.o
 .text.RCC_GetSYSCLKSource
                0x00000000       0x20 ..\obj\stm32f4xx_rcc.o
 .text.RCC_HCLKConfig
                0x00000000       0x40 ..\obj\stm32f4xx_rcc.o
 .text.RCC_PCLK1Config
                0x00000000       0x40 ..\obj\stm32f4xx_rcc.o
 .text.RCC_PCLK2Config
                0x00000000       0x44 ..\obj\stm32f4xx_rcc.o
 .text.RCC_RTCCLKConfig
                0x00000000       0x74 ..\obj\stm32f4xx_rcc.o
 .text.RCC_RTCCLKCmd
                0x00000000       0x20 ..\obj\stm32f4xx_rcc.o
 .text.RCC_BackupResetCmd
                0x00000000       0x20 ..\obj\stm32f4xx_rcc.o
 .text.RCC_I2SCLKConfig
                0x00000000       0x20 ..\obj\stm32f4xx_rcc.o
 .text.RCC_AHB2PeriphClockCmd
                0x00000000       0x54 ..\obj\stm32f4xx_rcc.o
 .text.RCC_AHB3PeriphClockCmd
                0x00000000       0x54 ..\obj\stm32f4xx_rcc.o
 .text.RCC_APB1PeriphClockCmd
                0x00000000       0x54 ..\obj\stm32f4xx_rcc.o
 .text.RCC_AHB1PeriphResetCmd
                0x00000000       0x54 ..\obj\stm32f4xx_rcc.o
 .text.RCC_AHB2PeriphResetCmd
                0x00000000       0x54 ..\obj\stm32f4xx_rcc.o
 .text.RCC_AHB3PeriphResetCmd
                0x00000000       0x54 ..\obj\stm32f4xx_rcc.o
 .text.RCC_APB1PeriphResetCmd
                0x00000000       0x54 ..\obj\stm32f4xx_rcc.o
 .text.RCC_APB2PeriphResetCmd
                0x00000000       0x54 ..\obj\stm32f4xx_rcc.o
 .text.RCC_AHB1PeriphClockLPModeCmd
                0x00000000       0x54 ..\obj\stm32f4xx_rcc.o
 .text.RCC_AHB2PeriphClockLPModeCmd
                0x00000000       0x54 ..\obj\stm32f4xx_rcc.o
 .text.RCC_AHB3PeriphClockLPModeCmd
                0x00000000       0x54 ..\obj\stm32f4xx_rcc.o
 .text.RCC_APB1PeriphClockLPModeCmd
                0x00000000       0x54 ..\obj\stm32f4xx_rcc.o
 .text.RCC_APB2PeriphClockLPModeCmd
                0x00000000       0x54 ..\obj\stm32f4xx_rcc.o
 .text.RCC_ITConfig
                0x00000000       0x60 ..\obj\stm32f4xx_rcc.o
 .text.RCC_GetFlagStatus
                0x00000000       0x90 ..\obj\stm32f4xx_rcc.o
 .text.RCC_ClearFlag
                0x00000000       0x24 ..\obj\stm32f4xx_rcc.o
 .text.RCC_GetITStatus
                0x00000000       0x40 ..\obj\stm32f4xx_rcc.o
 .text.RCC_ClearITPendingBit
                0x00000000       0x20 ..\obj\stm32f4xx_rcc.o
 .text          0x00000000        0x0 ..\obj\drv_USART.o
 .data          0x00000000        0x0 ..\obj\drv_USART.o
 .text.USART_SetInterruptState
                0x00000000       0xac ..\obj\drv_USART.o
 .text          0x00000000        0x0 ..\obj\bsp_carte.o
 .data          0x00000000        0x0 ..\obj\bsp_carte.o
 .text          0x00000000        0x0 ..\obj\util_TSW.o
 .rodata        0x00000000      0x1a4 ..\obj\util_TSW.o
 .text.TSW_StartUntil
                0x00000000       0x4c ..\obj\util_TSW.o
 .text.TSW_StructInit
                0x00000000       0x4c ..\obj\util_TSW.o
 .text.TSW_Reset
                0x00000000       0x40 ..\obj\util_TSW.o
 .text.TSW_Suspend
                0x00000000       0x94 ..\obj\util_TSW.o
 .text.TSW_Resume
                0x00000000       0x1c ..\obj\util_TSW.o
 .text.TSW_Stop
                0x00000000       0x5c ..\obj\util_TSW.o
 .text.TSW_GetRemainingTime
                0x00000000       0x34 ..\obj\util_TSW.o
 .text          0x00000000        0x0 ..\obj\printf.o
 .bss           0x00000000        0x0 ..\obj\printf.o
 .text.fprintf  0x00000000       0x30 ..\obj\printf.o
 .text.puts     0x00000000       0x28 ..\obj\printf.o
 .text          0x00000000        0x0 ..\obj\drv_TimBase.o
 .data          0x00000000        0x0 ..\obj\drv_TimBase.o
 .bss           0x00000000        0x0 ..\obj\drv_TimBase.o
 .rodata        0x00000000      0x150 ..\obj\drv_TimBase.o
 .text.TimeBase_init
                0x00000000       0x88 ..\obj\drv_TimBase.o
 .text.TimeBase_RccInit
                0x00000000      0x1a8 ..\obj\drv_TimBase.o
 .debug_info    0x00000000      0x7d1 ..\obj\drv_TimBase.o
 .debug_abbrev  0x00000000      0x13a ..\obj\drv_TimBase.o
 .debug_loc     0x00000000       0x70 ..\obj\drv_TimBase.o
 .debug_aranges
                0x00000000       0x28 ..\obj\drv_TimBase.o
 .debug_ranges  0x00000000       0x18 ..\obj\drv_TimBase.o
 .debug_line    0x00000000      0x22a ..\obj\drv_TimBase.o
 .debug_str     0x00000000      0x622 ..\obj\drv_TimBase.o
 .comment       0x00000000       0x71 ..\obj\drv_TimBase.o
 .ARM.attributes
                0x00000000       0x33 ..\obj\drv_TimBase.o
 .debug_frame   0x00000000       0x50 ..\obj\drv_TimBase.o
 .text          0x00000000        0x0 ..\obj\util_Console.o
 .text.Console_GetPresence
                0x00000000       0x18 ..\obj\util_Console.o
 .text.Console_PingTerminal
                0x00000000       0x18 ..\obj\util_Console.o
 .text.Console_GetResp
                0x00000000       0x90 ..\obj\util_Console.o
 .text.Console_AttenteNvPing
                0x00000000       0x10 ..\obj\util_Console.o
 .text          0x00000000        0x0 ..\obj\stm32f4xx_gpio.o
 .data          0x00000000        0x0 ..\obj\stm32f4xx_gpio.o
 .bss           0x00000000        0x0 ..\obj\stm32f4xx_gpio.o
 .text.GPIO_DeInit
                0x00000000      0x178 ..\obj\stm32f4xx_gpio.o
 .text.GPIO_StructInit
                0x00000000       0x3c ..\obj\stm32f4xx_gpio.o
 .text.GPIO_PinLockConfig
                0x00000000       0x44 ..\obj\stm32f4xx_gpio.o
 .text.GPIO_ReadInputData
                0x00000000       0x1c ..\obj\stm32f4xx_gpio.o
 .text.GPIO_ReadOutputData
                0x00000000       0x1c ..\obj\stm32f4xx_gpio.o
 .text.GPIO_SetBits
                0x00000000       0x1c ..\obj\stm32f4xx_gpio.o
 .text.GPIO_ResetBits
                0x00000000       0x1c ..\obj\stm32f4xx_gpio.o
 .text.GPIO_WriteBit
                0x00000000       0x30 ..\obj\stm32f4xx_gpio.o
 .text.GPIO_Write
                0x00000000       0x1c ..\obj\stm32f4xx_gpio.o
 .text.GPIO_ToggleBits
                0x00000000       0x24 ..\obj\stm32f4xx_gpio.o
 .text          0x00000000        0x0 ..\obj\system_stm32f4xx.o
 .bss           0x00000000        0x0 ..\obj\system_stm32f4xx.o
 .text          0x00000000        0x0 ..\obj\syscalls.o
 .data          0x00000000        0x0 ..\obj\syscalls.o
 .bss           0x00000000        0x4 ..\obj\syscalls.o
 .text._sbrk    0x00000000       0x5c ..\obj\syscalls.o
 .text.link     0x00000000       0x1c ..\obj\syscalls.o
 .text._close   0x00000000       0x18 ..\obj\syscalls.o
 .text._fstat   0x00000000       0x24 ..\obj\syscalls.o
 .text._isatty  0x00000000       0x18 ..\obj\syscalls.o
 .text._lseek   0x00000000       0x1c ..\obj\syscalls.o
 .text._read    0x00000000       0x1c ..\obj\syscalls.o
 .text._write   0x00000000       0x1c ..\obj\syscalls.o
 .text.abort    0x00000000        0x8 ..\obj\syscalls.o
 .debug_info    0x00000000      0x443 ..\obj\syscalls.o
 .debug_abbrev  0x00000000       0xe4 ..\obj\syscalls.o
 .debug_loc     0x00000000      0x1ec ..\obj\syscalls.o
 .debug_aranges
                0x00000000       0x60 ..\obj\syscalls.o
 .debug_ranges  0x00000000       0x50 ..\obj\syscalls.o
 .debug_line    0x00000000      0x19f ..\obj\syscalls.o
 .debug_str     0x00000000      0x29c ..\obj\syscalls.o
 .comment       0x00000000       0x71 ..\obj\syscalls.o
 .ARM.attributes
                0x00000000       0x33 ..\obj\syscalls.o
 .debug_frame   0x00000000      0x108 ..\obj\syscalls.o
 .text          0x00000000        0x0 ..\obj\util_Inversion.o
 .data          0x00000000        0x0 ..\obj\util_Inversion.o
 .bss           0x00000000        0x0 ..\obj\util_Inversion.o
 .rodata        0x00000000      0x150 ..\obj\util_Inversion.o
 .text.Inversion_TabChar
                0x00000000       0x88 ..\obj\util_Inversion.o
 .debug_info    0x00000000      0x734 ..\obj\util_Inversion.o
 .debug_abbrev  0x00000000      0x124 ..\obj\util_Inversion.o
 .debug_loc     0x00000000       0x38 ..\obj\util_Inversion.o
 .debug_aranges
                0x00000000       0x20 ..\obj\util_Inversion.o
 .debug_ranges  0x00000000       0x10 ..\obj\util_Inversion.o
 .debug_line    0x00000000      0x202 ..\obj\util_Inversion.o
 .debug_str     0x00000000      0x582 ..\obj\util_Inversion.o
 .comment       0x00000000       0x71 ..\obj\util_Inversion.o
 .ARM.attributes
                0x00000000       0x33 ..\obj\util_Inversion.o
 .debug_frame   0x00000000       0x30 ..\obj\util_Inversion.o
 .text          0x00000000        0x0 ..\obj\misc.o
 .data          0x00000000        0x0 ..\obj\misc.o
 .bss           0x00000000        0x0 ..\obj\misc.o
 .text.NVIC_PriorityGroupConfig
                0x00000000       0x28 ..\obj\misc.o
 .text.NVIC_SetVectorTable
                0x00000000       0x2c ..\obj\misc.o
 .text.NVIC_SystemLPConfig
                0x00000000       0x54 ..\obj\misc.o
 .text.SysTick_CLKSourceConfig
                0x00000000       0x4c ..\obj\misc.o
 .text          0x00000000        0x0 ..\obj\drv_GPIO.o
 .data          0x00000000        0x0 ..\obj\drv_GPIO.o
 .bss           0x00000000        0x0 ..\obj\drv_GPIO.o
 .text.GPIO_Set
                0x00000000      0x100 ..\obj\drv_GPIO.o
 .text          0x00000000        0x0 ..\obj\drv_PWM.o
 .data          0x00000000        0x0 ..\obj\drv_PWM.o
 .text.Pwm_Activer
                0x00000000      0x208 ..\obj\drv_PWM.o
 .text.Pwm_Desactiver
                0x00000000      0x208 ..\obj\drv_PWM.o
 .text.PWM_Init
                0x00000000      0x774 ..\obj\drv_PWM.o
 .text.PWM_Desinit
                0x00000000      0x1a4 ..\obj\drv_PWM.o
 .text.PWM_initTimeBase_RccInit
                0x00000000      0x1a8 ..\obj\drv_PWM.o
 .text.PWM_initOutputCompare
                0x00000000      0x1e8 ..\obj\drv_PWM.o
 .text.PWM_IT_init
                0x00000000       0x98 ..\obj\drv_PWM.o
 .text          0x00000000        0x0 ..\obj\stm32f4xx_tim.o
 .data          0x00000000        0x0 ..\obj\stm32f4xx_tim.o
 .bss           0x00000000        0x0 ..\obj\stm32f4xx_tim.o
 .text.TIM_DeInit
                0x00000000      0x238 ..\obj\stm32f4xx_tim.o
 .text.TIM_TimeBaseInit
                0x00000000       0xf4 ..\obj\stm32f4xx_tim.o
 .text.TIM_TimeBaseStructInit
                0x00000000       0x3c ..\obj\stm32f4xx_tim.o
 .text.TIM_PrescalerConfig
                0x00000000       0x28 ..\obj\stm32f4xx_tim.o
 .text.TIM_CounterModeConfig
                0x00000000       0x38 ..\obj\stm32f4xx_tim.o
 .text.TIM_SetCounter
                0x00000000       0x1c ..\obj\stm32f4xx_tim.o
 .text.TIM_SetAutoreload
                0x00000000       0x1c ..\obj\stm32f4xx_tim.o
 .text.TIM_GetCounter
                0x00000000       0x18 ..\obj\stm32f4xx_tim.o
 .text.TIM_GetPrescaler
                0x00000000       0x1c ..\obj\stm32f4xx_tim.o
 .text.TIM_UpdateDisableConfig
                0x00000000       0x40 ..\obj\stm32f4xx_tim.o
 .text.TIM_UpdateRequestConfig
                0x00000000       0x40 ..\obj\stm32f4xx_tim.o
 .text.TIM_ARRPreloadConfig
                0x00000000       0x40 ..\obj\stm32f4xx_tim.o
 .text.TIM_SelectOnePulseMode
                0x00000000       0x38 ..\obj\stm32f4xx_tim.o
 .text.TIM_SetClockDivision
                0x00000000       0x38 ..\obj\stm32f4xx_tim.o
 .text.TIM_Cmd  0x00000000       0x40 ..\obj\stm32f4xx_tim.o
 .text.TIM_OC1Init
                0x00000000       0xfc ..\obj\stm32f4xx_tim.o
 .text.TIM_OC2Init
                0x00000000      0x128 ..\obj\stm32f4xx_tim.o
 .text.TIM_OC3Init
                0x00000000      0x120 ..\obj\stm32f4xx_tim.o
 .text.TIM_OC4Init
                0x00000000       0xe0 ..\obj\stm32f4xx_tim.o
 .text.TIM_OCStructInit
                0x00000000       0x54 ..\obj\stm32f4xx_tim.o
 .text.TIM_SelectOCxM
                0x00000000       0xc0 ..\obj\stm32f4xx_tim.o
 .text.TIM_SetCompare1
                0x00000000       0x1c ..\obj\stm32f4xx_tim.o
 .text.TIM_SetCompare2
                0x00000000       0x1c ..\obj\stm32f4xx_tim.o
 .text.TIM_SetCompare3
                0x00000000       0x1c ..\obj\stm32f4xx_tim.o
 .text.TIM_SetCompare4
                0x00000000       0x1c ..\obj\stm32f4xx_tim.o
 .text.TIM_ForcedOC1Config
                0x00000000       0x38 ..\obj\stm32f4xx_tim.o
 .text.TIM_ForcedOC2Config
                0x00000000       0x40 ..\obj\stm32f4xx_tim.o
 .text.TIM_ForcedOC3Config
                0x00000000       0x38 ..\obj\stm32f4xx_tim.o
 .text.TIM_ForcedOC4Config
                0x00000000       0x40 ..\obj\stm32f4xx_tim.o
 .text.TIM_OC1PreloadConfig
                0x00000000       0x38 ..\obj\stm32f4xx_tim.o
 .text.TIM_OC2PreloadConfig
                0x00000000       0x40 ..\obj\stm32f4xx_tim.o
 .text.TIM_OC3PreloadConfig
                0x00000000       0x38 ..\obj\stm32f4xx_tim.o
 .text.TIM_OC4PreloadConfig
                0x00000000       0x40 ..\obj\stm32f4xx_tim.o
 .text.TIM_OC1FastConfig
                0x00000000       0x38 ..\obj\stm32f4xx_tim.o
 .text.TIM_OC2FastConfig
                0x00000000       0x40 ..\obj\stm32f4xx_tim.o
 .text.TIM_OC3FastConfig
                0x00000000       0x38 ..\obj\stm32f4xx_tim.o
 .text.TIM_OC4FastConfig
                0x00000000       0x40 ..\obj\stm32f4xx_tim.o
 .text.TIM_ClearOC1Ref
                0x00000000       0x38 ..\obj\stm32f4xx_tim.o
 .text.TIM_ClearOC2Ref
                0x00000000       0x44 ..\obj\stm32f4xx_tim.o
 .text.TIM_ClearOC3Ref
                0x00000000       0x38 ..\obj\stm32f4xx_tim.o
 .text.TIM_ClearOC4Ref
                0x00000000       0x44 ..\obj\stm32f4xx_tim.o
 .text.TIM_OC1PolarityConfig
                0x00000000       0x38 ..\obj\stm32f4xx_tim.o
 .text.TIM_OC1NPolarityConfig
                0x00000000       0x38 ..\obj\stm32f4xx_tim.o
 .text.TIM_OC2PolarityConfig
                0x00000000       0x40 ..\obj\stm32f4xx_tim.o
 .text.TIM_OC2NPolarityConfig
                0x00000000       0x40 ..\obj\stm32f4xx_tim.o
 .text.TIM_OC3PolarityConfig
                0x00000000       0x40 ..\obj\stm32f4xx_tim.o
 .text.TIM_OC3NPolarityConfig
                0x00000000       0x40 ..\obj\stm32f4xx_tim.o
 .text.TIM_OC4PolarityConfig
                0x00000000       0x40 ..\obj\stm32f4xx_tim.o
 .text.TIM_CCxCmd
                0x00000000       0x5c ..\obj\stm32f4xx_tim.o
 .text.TIM_CCxNCmd
                0x00000000       0x5c ..\obj\stm32f4xx_tim.o
 .text.TIM_ICInit
                0x00000000       0xa8 ..\obj\stm32f4xx_tim.o
 .text.TIM_ICStructInit
                0x00000000       0x3c ..\obj\stm32f4xx_tim.o
 .text.TIM_PWMIConfig
                0x00000000       0xc4 ..\obj\stm32f4xx_tim.o
 .text.TIM_GetCapture1
                0x00000000       0x18 ..\obj\stm32f4xx_tim.o
 .text.TIM_GetCapture2
                0x00000000       0x18 ..\obj\stm32f4xx_tim.o
 .text.TIM_GetCapture4
                0x00000000       0x18 ..\obj\stm32f4xx_tim.o
 .text.TIM_SetIC1Prescaler
                0x00000000       0x38 ..\obj\stm32f4xx_tim.o
 .text.TIM_SetIC2Prescaler
                0x00000000       0x3c ..\obj\stm32f4xx_tim.o
 .text.TIM_SetIC3Prescaler
                0x00000000       0x38 ..\obj\stm32f4xx_tim.o
 .text.TIM_SetIC4Prescaler
                0x00000000       0x3c ..\obj\stm32f4xx_tim.o
 .text.TIM_BDTRConfig
                0x00000000       0x50 ..\obj\stm32f4xx_tim.o
 .text.TIM_BDTRStructInit
                0x00000000       0x4c ..\obj\stm32f4xx_tim.o
 .text.TIM_CtrlPWMOutputs
                0x00000000       0x50 ..\obj\stm32f4xx_tim.o
 .text.TIM_SelectCOM
                0x00000000       0x40 ..\obj\stm32f4xx_tim.o
 .text.TIM_CCPreloadControl
                0x00000000       0x40 ..\obj\stm32f4xx_tim.o
 .text.TIM_GenerateEvent
                0x00000000       0x1c ..\obj\stm32f4xx_tim.o
 .text.TIM_GetFlagStatus
                0x00000000       0x40 ..\obj\stm32f4xx_tim.o
 .text.TIM_ClearFlag
                0x00000000       0x24 ..\obj\stm32f4xx_tim.o
 .text.TIM_GetITStatus
                0x00000000       0x60 ..\obj\stm32f4xx_tim.o
 .text.TIM_ClearITPendingBit
                0x00000000       0x24 ..\obj\stm32f4xx_tim.o
 .text.TIM_DMAConfig
                0x00000000       0x28 ..\obj\stm32f4xx_tim.o
 .text.TIM_DMACmd
                0x00000000       0x48 ..\obj\stm32f4xx_tim.o
 .text.TIM_SelectCCDMA
                0x00000000       0x40 ..\obj\stm32f4xx_tim.o
 .text.TIM_InternalClockConfig
                0x00000000       0x24 ..\obj\stm32f4xx_tim.o
 .text.TIM_ITRxExternalClockConfig
                0x00000000       0x30 ..\obj\stm32f4xx_tim.o
 .text.TIM_TIxExternalClockConfig
                0x00000000       0x58 ..\obj\stm32f4xx_tim.o
 .text.TIM_ETRClockMode1Config
                0x00000000       0x54 ..\obj\stm32f4xx_tim.o
 .text.TIM_ETRClockMode2Config
                0x00000000       0x34 ..\obj\stm32f4xx_tim.o
 .text.TIM_SelectInputTrigger
                0x00000000       0x38 ..\obj\stm32f4xx_tim.o
 .text.TIM_SelectOutputTrigger
                0x00000000       0x38 ..\obj\stm32f4xx_tim.o
 .text.TIM_SelectSlaveMode
                0x00000000       0x38 ..\obj\stm32f4xx_tim.o
 .text.TIM_SelectMasterSlaveMode
                0x00000000       0x38 ..\obj\stm32f4xx_tim.o
 .text.TIM_ETRConfig
                0x00000000       0x4c ..\obj\stm32f4xx_tim.o
 .text.TIM_EncoderInterfaceConfig
                0x00000000       0x94 ..\obj\stm32f4xx_tim.o
 .text.TIM_SelectHallSensor
                0x00000000       0x40 ..\obj\stm32f4xx_tim.o
 .text.TIM_RemapConfig
                0x00000000       0x20 ..\obj\stm32f4xx_tim.o
 .text.TI1_Config
                0x00000000       0x80 ..\obj\stm32f4xx_tim.o
 .text.TI2_Config
                0x00000000       0x9c ..\obj\stm32f4xx_tim.o
 .text.TI3_Config
                0x00000000       0x8c ..\obj\stm32f4xx_tim.o
 .text.TI4_Config
                0x00000000       0xa4 ..\obj\stm32f4xx_tim.o
 .text          0x00000000        0x0 c:/program files (x86)/gnu tools arm embedded/4.7 2013q2/bin/../lib/gcc/arm-none-eabi/4.7.4/../../../../arm-none-eabi/lib/armv7e-m\libg.a(lib_a-malloc.o)
 .data          0x00000000        0x0 c:/program files (x86)/gnu tools arm embedded/4.7 2013q2/bin/../lib/gcc/arm-none-eabi/4.7.4/../../../../arm-none-eabi/lib/armv7e-m\libg.a(lib_a-malloc.o)
 .bss           0x00000000        0x0 c:/program files (x86)/gnu tools arm embedded/4.7 2013q2/bin/../lib/gcc/arm-none-eabi/4.7.4/../../../../arm-none-eabi/lib/armv7e-m\libg.a(lib_a-malloc.o)
 .text.malloc   0x00000000       0x10 c:/program files (x86)/gnu tools arm embedded/4.7 2013q2/bin/../lib/gcc/arm-none-eabi/4.7.4/../../../../arm-none-eabi/lib/armv7e-m\libg.a(lib_a-malloc.o)
 .text.free     0x00000000       0x10 c:/program files (x86)/gnu tools arm embedded/4.7 2013q2/bin/../lib/gcc/arm-none-eabi/4.7.4/../../../../arm-none-eabi/lib/armv7e-m\libg.a(lib_a-malloc.o)
 .ARM.attributes
                0x00000000       0x2e c:/program files (x86)/gnu tools arm embedded/4.7 2013q2/bin/../lib/gcc/arm-none-eabi/4.7.4/../../../../arm-none-eabi/lib/armv7e-m\libg.a(lib_a-malloc.o)
 .debug_frame   0x00000000       0x30 c:/program files (x86)/gnu tools arm embedded/4.7 2013q2/bin/../lib/gcc/arm-none-eabi/4.7.4/../../../../arm-none-eabi/lib/armv7e-m\libg.a(lib_a-malloc.o)
 .text          0x00000000        0x0 c:/program files (x86)/gnu tools arm embedded/4.7 2013q2/bin/../lib/gcc/arm-none-eabi/4.7.4/../../../../arm-none-eabi/lib/armv7e-m\libg.a(lib_a-mallocr.o)
 .data          0x00000000        0x0 c:/program files (x86)/gnu tools arm embedded/4.7 2013q2/bin/../lib/gcc/arm-none-eabi/4.7.4/../../../../arm-none-eabi/lib/armv7e-m\libg.a(lib_a-mallocr.o)
 .bss           0x00000000        0x0 c:/program files (x86)/gnu tools arm embedded/4.7 2013q2/bin/../lib/gcc/arm-none-eabi/4.7.4/../../../../arm-none-eabi/lib/armv7e-m\libg.a(lib_a-mallocr.o)
 .text._malloc_r
                0x00000000      0x55c c:/program files (x86)/gnu tools arm embedded/4.7 2013q2/bin/../lib/gcc/arm-none-eabi/4.7.4/../../../../arm-none-eabi/lib/armv7e-m\libg.a(lib_a-mallocr.o)
 .data.__malloc_av_
                0x00000000      0x408 c:/program files (x86)/gnu tools arm embedded/4.7 2013q2/bin/../lib/gcc/arm-none-eabi/4.7.4/../../../../arm-none-eabi/lib/armv7e-m\libg.a(lib_a-mallocr.o)
 .data.__malloc_trim_threshold
                0x00000000        0x4 c:/program files (x86)/gnu tools arm embedded/4.7 2013q2/bin/../lib/gcc/arm-none-eabi/4.7.4/../../../../arm-none-eabi/lib/armv7e-m\libg.a(lib_a-mallocr.o)
 .bss.__malloc_max_total_mem
                0x00000000        0x4 c:/program files (x86)/gnu tools arm embedded/4.7 2013q2/bin/../lib/gcc/arm-none-eabi/4.7.4/../../../../arm-none-eabi/lib/armv7e-m\libg.a(lib_a-mallocr.o)
 .bss.__malloc_max_sbrked_mem
                0x00000000        0x4 c:/program files (x86)/gnu tools arm embedded/4.7 2013q2/bin/../lib/gcc/arm-none-eabi/4.7.4/../../../../arm-none-eabi/lib/armv7e-m\libg.a(lib_a-mallocr.o)
 .bss.__malloc_top_pad
                0x00000000        0x4 c:/program files (x86)/gnu tools arm embedded/4.7 2013q2/bin/../lib/gcc/arm-none-eabi/4.7.4/../../../../arm-none-eabi/lib/armv7e-m\libg.a(lib_a-mallocr.o)
 .bss.__malloc_current_mallinfo
                0x00000000       0x28 c:/program files (x86)/gnu tools arm embedded/4.7 2013q2/bin/../lib/gcc/arm-none-eabi/4.7.4/../../../../arm-none-eabi/lib/armv7e-m\libg.a(lib_a-mallocr.o)
 .data.__malloc_sbrk_base
                0x00000000        0x4 c:/program files (x86)/gnu tools arm embedded/4.7 2013q2/bin/../lib/gcc/arm-none-eabi/4.7.4/../../../../arm-none-eabi/lib/armv7e-m\libg.a(lib_a-mallocr.o)
 .ARM.attributes
                0x00000000       0x2e c:/program files (x86)/gnu tools arm embedded/4.7 2013q2/bin/../lib/gcc/arm-none-eabi/4.7.4/../../../../arm-none-eabi/lib/armv7e-m\libg.a(lib_a-mallocr.o)
 .debug_frame   0x00000000       0x38 c:/program files (x86)/gnu tools arm embedded/4.7 2013q2/bin/../lib/gcc/arm-none-eabi/4.7.4/../../../../arm-none-eabi/lib/armv7e-m\libg.a(lib_a-mallocr.o)
 .text          0x00000000        0x0 c:/program files (x86)/gnu tools arm embedded/4.7 2013q2/bin/../lib/gcc/arm-none-eabi/4.7.4/../../../../arm-none-eabi/lib/armv7e-m\libg.a(lib_a-memcpy.o)
 .data          0x00000000        0x0 c:/program files (x86)/gnu tools arm embedded/4.7 2013q2/bin/../lib/gcc/arm-none-eabi/4.7.4/../../../../arm-none-eabi/lib/armv7e-m\libg.a(lib_a-memcpy.o)
 .bss           0x00000000        0x0 c:/program files (x86)/gnu tools arm embedded/4.7 2013q2/bin/../lib/gcc/arm-none-eabi/4.7.4/../../../../arm-none-eabi/lib/armv7e-m\libg.a(lib_a-memcpy.o)
 .text          0x00000000        0x0 c:/program files (x86)/gnu tools arm embedded/4.7 2013q2/bin/../lib/gcc/arm-none-eabi/4.7.4/../../../../arm-none-eabi/lib/armv7e-m\libg.a(lib_a-memset.o)
 .data          0x00000000        0x0 c:/program files (x86)/gnu tools arm embedded/4.7 2013q2/bin/../lib/gcc/arm-none-eabi/4.7.4/../../../../arm-none-eabi/lib/armv7e-m\libg.a(lib_a-memset.o)
 .bss           0x00000000        0x0 c:/program files (x86)/gnu tools arm embedded/4.7 2013q2/bin/../lib/gcc/arm-none-eabi/4.7.4/../../../../arm-none-eabi/lib/armv7e-m\libg.a(lib_a-memset.o)
 .text          0x00000000        0x0 c:/program files (x86)/gnu tools arm embedded/4.7 2013q2/bin/../lib/gcc/arm-none-eabi/4.7.4/../../../../arm-none-eabi/lib/armv7e-m\libg.a(lib_a-mlock.o)
 .data          0x00000000        0x0 c:/program files (x86)/gnu tools arm embedded/4.7 2013q2/bin/../lib/gcc/arm-none-eabi/4.7.4/../../../../arm-none-eabi/lib/armv7e-m\libg.a(lib_a-mlock.o)
 .bss           0x00000000        0x0 c:/program files (x86)/gnu tools arm embedded/4.7 2013q2/bin/../lib/gcc/arm-none-eabi/4.7.4/../../../../arm-none-eabi/lib/armv7e-m\libg.a(lib_a-mlock.o)
 .text.__malloc_lock
                0x00000000        0x4 c:/program files (x86)/gnu tools arm embedded/4.7 2013q2/bin/../lib/gcc/arm-none-eabi/4.7.4/../../../../arm-none-eabi/lib/armv7e-m\libg.a(lib_a-mlock.o)
 .text.__malloc_unlock
                0x00000000        0x4 c:/program files (x86)/gnu tools arm embedded/4.7 2013q2/bin/../lib/gcc/arm-none-eabi/4.7.4/../../../../arm-none-eabi/lib/armv7e-m\libg.a(lib_a-mlock.o)
 .ARM.attributes
                0x00000000       0x2e c:/program files (x86)/gnu tools arm embedded/4.7 2013q2/bin/../lib/gcc/arm-none-eabi/4.7.4/../../../../arm-none-eabi/lib/armv7e-m\libg.a(lib_a-mlock.o)
 .debug_frame   0x00000000       0x30 c:/program files (x86)/gnu tools arm embedded/4.7 2013q2/bin/../lib/gcc/arm-none-eabi/4.7.4/../../../../arm-none-eabi/lib/armv7e-m\libg.a(lib_a-mlock.o)
 .text          0x00000000        0x0 c:/program files (x86)/gnu tools arm embedded/4.7 2013q2/bin/../lib/gcc/arm-none-eabi/4.7.4/../../../../arm-none-eabi/lib/armv7e-m\libg.a(lib_a-sbrkr.o)
 .data          0x00000000        0x0 c:/program files (x86)/gnu tools arm embedded/4.7 2013q2/bin/../lib/gcc/arm-none-eabi/4.7.4/../../../../arm-none-eabi/lib/armv7e-m\libg.a(lib_a-sbrkr.o)
 .bss           0x00000000        0x0 c:/program files (x86)/gnu tools arm embedded/4.7 2013q2/bin/../lib/gcc/arm-none-eabi/4.7.4/../../../../arm-none-eabi/lib/armv7e-m\libg.a(lib_a-sbrkr.o)
 .text._sbrk_r  0x00000000       0x24 c:/program files (x86)/gnu tools arm embedded/4.7 2013q2/bin/../lib/gcc/arm-none-eabi/4.7.4/../../../../arm-none-eabi/lib/armv7e-m\libg.a(lib_a-sbrkr.o)
 .ARM.attributes
                0x00000000       0x2e c:/program files (x86)/gnu tools arm embedded/4.7 2013q2/bin/../lib/gcc/arm-none-eabi/4.7.4/../../../../arm-none-eabi/lib/armv7e-m\libg.a(lib_a-sbrkr.o)
 .debug_frame   0x00000000       0x2c c:/program files (x86)/gnu tools arm embedded/4.7 2013q2/bin/../lib/gcc/arm-none-eabi/4.7.4/../../../../arm-none-eabi/lib/armv7e-m\libg.a(lib_a-sbrkr.o)
 .text          0x00000000        0x0 c:/program files (x86)/gnu tools arm embedded/4.7 2013q2/bin/../lib/gcc/arm-none-eabi/4.7.4/../../../../arm-none-eabi/lib/armv7e-m\libg.a(lib_a-strlen.o)
 .data          0x00000000        0x0 c:/program files (x86)/gnu tools arm embedded/4.7 2013q2/bin/../lib/gcc/arm-none-eabi/4.7.4/../../../../arm-none-eabi/lib/armv7e-m\libg.a(lib_a-strlen.o)
 .bss           0x00000000        0x0 c:/program files (x86)/gnu tools arm embedded/4.7 2013q2/bin/../lib/gcc/arm-none-eabi/4.7.4/../../../../arm-none-eabi/lib/armv7e-m\libg.a(lib_a-strlen.o)
 .text          0x00000000        0x0 c:/program files (x86)/gnu tools arm embedded/4.7 2013q2/bin/../lib/gcc/arm-none-eabi/4.7.4/../../../../arm-none-eabi/lib/armv7e-m\libg.a(lib_a-strncat.o)
 .data          0x00000000        0x0 c:/program files (x86)/gnu tools arm embedded/4.7 2013q2/bin/../lib/gcc/arm-none-eabi/4.7.4/../../../../arm-none-eabi/lib/armv7e-m\libg.a(lib_a-strncat.o)
 .bss           0x00000000        0x0 c:/program files (x86)/gnu tools arm embedded/4.7 2013q2/bin/../lib/gcc/arm-none-eabi/4.7.4/../../../../arm-none-eabi/lib/armv7e-m\libg.a(lib_a-strncat.o)
 .text          0x00000000        0x0 c:/program files (x86)/gnu tools arm embedded/4.7 2013q2/bin/../lib/gcc/arm-none-eabi/4.7.4/../../../../arm-none-eabi/lib/armv7e-m\libg.a(lib_a-strncmp.o)
 .data          0x00000000        0x0 c:/program files (x86)/gnu tools arm embedded/4.7 2013q2/bin/../lib/gcc/arm-none-eabi/4.7.4/../../../../arm-none-eabi/lib/armv7e-m\libg.a(lib_a-strncmp.o)
 .bss           0x00000000        0x0 c:/program files (x86)/gnu tools arm embedded/4.7 2013q2/bin/../lib/gcc/arm-none-eabi/4.7.4/../../../../arm-none-eabi/lib/armv7e-m\libg.a(lib_a-strncmp.o)
 .text          0x00000000        0x0 c:/program files (x86)/gnu tools arm embedded/4.7 2013q2/bin/../lib/gcc/arm-none-eabi/4.7.4/../../../../arm-none-eabi/lib/armv7e-m\libg.a(lib_a-strncpy.o)
 .data          0x00000000        0x0 c:/program files (x86)/gnu tools arm embedded/4.7 2013q2/bin/../lib/gcc/arm-none-eabi/4.7.4/../../../../arm-none-eabi/lib/armv7e-m\libg.a(lib_a-strncpy.o)
 .bss           0x00000000        0x0 c:/program files (x86)/gnu tools arm embedded/4.7 2013q2/bin/../lib/gcc/arm-none-eabi/4.7.4/../../../../arm-none-eabi/lib/armv7e-m\libg.a(lib_a-strncpy.o)
 .text          0x00000000        0x0 c:/program files (x86)/gnu tools arm embedded/4.7 2013q2/bin/../lib/gcc/arm-none-eabi/4.7.4/../../../../arm-none-eabi/lib/armv7e-m\libg.a(lib_a-freer.o)
 .data          0x00000000        0x0 c:/program files (x86)/gnu tools arm embedded/4.7 2013q2/bin/../lib/gcc/arm-none-eabi/4.7.4/../../../../arm-none-eabi/lib/armv7e-m\libg.a(lib_a-freer.o)
 .bss           0x00000000        0x0 c:/program files (x86)/gnu tools arm embedded/4.7 2013q2/bin/../lib/gcc/arm-none-eabi/4.7.4/../../../../arm-none-eabi/lib/armv7e-m\libg.a(lib_a-freer.o)
 .text._malloc_trim_r
                0x00000000       0x98 c:/program files (x86)/gnu tools arm embedded/4.7 2013q2/bin/../lib/gcc/arm-none-eabi/4.7.4/../../../../arm-none-eabi/lib/armv7e-m\libg.a(lib_a-freer.o)
 .text._free_r  0x00000000      0x194 c:/program files (x86)/gnu tools arm embedded/4.7 2013q2/bin/../lib/gcc/arm-none-eabi/4.7.4/../../../../arm-none-eabi/lib/armv7e-m\libg.a(lib_a-freer.o)
 .ARM.attributes
                0x00000000       0x2e c:/program files (x86)/gnu tools arm embedded/4.7 2013q2/bin/../lib/gcc/arm-none-eabi/4.7.4/../../../../arm-none-eabi/lib/armv7e-m\libg.a(lib_a-freer.o)
 .debug_frame   0x00000000       0x50 c:/program files (x86)/gnu tools arm embedded/4.7 2013q2/bin/../lib/gcc/arm-none-eabi/4.7.4/../../../../arm-none-eabi/lib/armv7e-m\libg.a(lib_a-freer.o)
 .text          0x00000000        0x0 c:/program files (x86)/gnu tools arm embedded/4.7 2013q2/bin/../lib/gcc/arm-none-eabi/4.7.4/../../../../arm-none-eabi/lib/armv7e-m\libg.a(lib_a-reent.o)
 .data          0x00000000        0x0 c:/program files (x86)/gnu tools arm embedded/4.7 2013q2/bin/../lib/gcc/arm-none-eabi/4.7.4/../../../../arm-none-eabi/lib/armv7e-m\libg.a(lib_a-reent.o)
 .bss           0x00000000        0x0 c:/program files (x86)/gnu tools arm embedded/4.7 2013q2/bin/../lib/gcc/arm-none-eabi/4.7.4/../../../../arm-none-eabi/lib/armv7e-m\libg.a(lib_a-reent.o)
 .text.cleanup_glue
                0x00000000       0x1c c:/program files (x86)/gnu tools arm embedded/4.7 2013q2/bin/../lib/gcc/arm-none-eabi/4.7.4/../../../../arm-none-eabi/lib/armv7e-m\libg.a(lib_a-reent.o)
 .text._reclaim_reent
                0x00000000       0x8c c:/program files (x86)/gnu tools arm embedded/4.7 2013q2/bin/../lib/gcc/arm-none-eabi/4.7.4/../../../../arm-none-eabi/lib/armv7e-m\libg.a(lib_a-reent.o)
 .text._wrapup_reent
                0x00000000       0x74 c:/program files (x86)/gnu tools arm embedded/4.7 2013q2/bin/../lib/gcc/arm-none-eabi/4.7.4/../../../../arm-none-eabi/lib/armv7e-m\libg.a(lib_a-reent.o)
 .ARM.attributes
                0x00000000       0x2e c:/program files (x86)/gnu tools arm embedded/4.7 2013q2/bin/../lib/gcc/arm-none-eabi/4.7.4/../../../../arm-none-eabi/lib/armv7e-m\libg.a(lib_a-reent.o)
 .debug_frame   0x00000000       0x6c c:/program files (x86)/gnu tools arm embedded/4.7 2013q2/bin/../lib/gcc/arm-none-eabi/4.7.4/../../../../arm-none-eabi/lib/armv7e-m\libg.a(lib_a-reent.o)
 COMMON         0x00000000        0x4 c:/program files (x86)/gnu tools arm embedded/4.7 2013q2/bin/../lib/gcc/arm-none-eabi/4.7.4/../../../../arm-none-eabi/lib/armv7e-m\libg.a(lib_a-reent.o)

Memory Configuration

Name             Origin             Length             Attributes
rom              0x08000000         0x00100000         xr
ram              0x20000000         0x00020000         xrw
ram1             0x10000000         0x00010000         xrw
*default*        0x00000000         0xffffffff

Linker script and memory map

                0x20020000                _eram = 0x20020000

.text           0x08000000     0x4774
 *(.isr_vector .isr_vector.*)
 .isr_vector    0x08000000      0x188 ..\obj\startup_stm32f4xx.o
                0x08000000                g_pfnVectors
 *(.text .text.* .gnu.linkonce.t.*)
 .text.USART_Init
                0x08000188      0x1ac ..\obj\stm32f4xx_usart.o
                0x08000188                USART_Init
 .text.USART_ClockInit
                0x08000334       0x54 ..\obj\stm32f4xx_usart.o
                0x08000334                USART_ClockInit
 .text.USART_Cmd
                0x08000388       0x40 ..\obj\stm32f4xx_usart.o
                0x08000388                USART_Cmd
 .text.USART_SendData
                0x080003c8       0x28 ..\obj\stm32f4xx_usart.o
                0x080003c8                USART_SendData
 .text.USART_GetFlagStatus
                0x080003f0       0x40 ..\obj\stm32f4xx_usart.o
                0x080003f0                USART_GetFlagStatus
 .text.Affichage_Main
                0x08000430       0x44 ..\obj\app_AffDebug.o
                0x08000430                Affichage_Main
 .text.setDureeTourBoucle
                0x08000474       0x68 ..\obj\app_AffDebug.o
                0x08000474                setDureeTourBoucle
 .text.Affichage_Intro
                0x080004dc      0x1d8 ..\obj\app_AffDebug.o
 .text.Affichage_Data
                0x080006b4      0x1d4 ..\obj\app_AffDebug.o
 .text.Timestamp_toString
                0x08000888       0xb4 ..\obj\app_AffDebug.o
                0x08000888                Timestamp_toString
 .text.TrBclMoy_toString
                0x0800093c       0x9c ..\obj\app_AffDebug.o
                0x0800093c                TrBclMoy_toString
 .text.Default_Reset_Handler
                0x080009d8       0x6c ..\obj\startup_stm32f4xx.o
                0x080009d8                Default_Reset_Handler
                0x080009d8                Reset_Handler
 .text.Default_Handler
                0x08000a44        0x8 ..\obj\startup_stm32f4xx.o
                0x08000a44                RTC_Alarm_IRQHandler
                0x08000a44                HASH_RNG_IRQHandler
                0x08000a44                EXTI2_IRQHandler
                0x08000a44                TIM8_CC_IRQHandler
                0x08000a44                DebugMon_Handler
                0x08000a44                TIM1_CC_IRQHandler
                0x08000a44                DMA2_Stream5_IRQHandler
                0x08000a44                HardFault_Handler
                0x08000a44                DMA1_Stream5_IRQHandler
                0x08000a44                PVD_IRQHandler
                0x08000a44                SDIO_IRQHandler
                0x08000a44                TAMP_STAMP_IRQHandler
                0x08000a44                PendSV_Handler
                0x08000a44                NMI_Handler
                0x08000a44                CAN2_RX1_IRQHandler
                0x08000a44                EXTI3_IRQHandler
                0x08000a44                TIM8_TRG_COM_TIM14_IRQHandler
                0x08000a44                TIM1_UP_TIM10_IRQHandler
                0x08000a44                TIM8_UP_TIM13_IRQHandler
                0x08000a44                I2C3_ER_IRQHandler
                0x08000a44                EXTI0_IRQHandler
                0x08000a44                I2C2_EV_IRQHandler
                0x08000a44                DMA1_Stream2_IRQHandler
                0x08000a44                CAN1_RX0_IRQHandler
                0x08000a44                FPU_IRQHandler
                0x08000a44                OTG_HS_WKUP_IRQHandler
                0x08000a44                UsageFault_Handler
                0x08000a44                CAN2_SCE_IRQHandler
                0x08000a44                DMA2_Stream2_IRQHandler
                0x08000a44                SPI1_IRQHandler
                0x08000a44                TIM6_DAC_IRQHandler
                0x08000a44                TIM1_BRK_TIM9_IRQHandler
                0x08000a44                DCMI_IRQHandler
                0x08000a44                CAN2_RX0_IRQHandler
                0x08000a44                DMA2_Stream3_IRQHandler
                0x08000a44                USART6_IRQHandler
                0x08000a44                USART3_IRQHandler
                0x08000a44                CRYP_IRQHandler
                0x08000a44                CAN1_RX1_IRQHandler
                0x08000a44                UART5_IRQHandler
                0x08000a44                DMA2_Stream0_IRQHandler
                0x08000a44                I2C1_EV_IRQHandler
                0x08000a44                DMA1_Stream6_IRQHandler
                0x08000a44                DMA1_Stream1_IRQHandler
                0x08000a44                UART4_IRQHandler
                0x08000a44                RCC_IRQHandler
                0x08000a44                TIM8_BRK_TIM12_IRQHandler
                0x08000a44                EXTI15_10_IRQHandler
                0x08000a44                ADC_IRQHandler
                0x08000a44                DMA1_Stream7_IRQHandler
                0x08000a44                TIM7_IRQHandler
                0x08000a44                CAN2_TX_IRQHandler
                0x08000a44                TIM5_IRQHandler
                0x08000a44                DMA2_Stream7_IRQHandler
                0x08000a44                I2C3_EV_IRQHandler
                0x08000a44                EXTI9_5_IRQHandler
                0x08000a44                RTC_WKUP_IRQHandler
                0x08000a44                ETH_WKUP_IRQHandler
                0x08000a44                SPI2_IRQHandler
                0x08000a44                OTG_HS_EP1_IN_IRQHandler
                0x08000a44                MemManage_Handler
                0x08000a44                DMA1_Stream0_IRQHandler
                0x08000a44                CAN1_TX_IRQHandler
                0x08000a44                SVC_Handler
                0x08000a44                EXTI4_IRQHandler
                0x08000a44                FSMC_IRQHandler
                0x08000a44                ETH_IRQHandler
                0x08000a44                OTG_HS_EP1_OUT_IRQHandler
                0x08000a44                WWDG_IRQHandler
                0x08000a44                OTG_FS_WKUP_IRQHandler
                0x08000a44                TIM1_TRG_COM_TIM11_IRQHandler
                0x08000a44                OTG_HS_IRQHandler
                0x08000a44                EXTI1_IRQHandler
                0x08000a44                USART2_IRQHandler
                0x08000a44                I2C2_ER_IRQHandler
                0x08000a44                DMA2_Stream1_IRQHandler
                0x08000a44                CAN1_SCE_IRQHandler
                0x08000a44                FLASH_IRQHandler
                0x08000a44                DMA2_Stream4_IRQHandler
                0x08000a44                BusFault_Handler
                0x08000a44                USART1_IRQHandler
                0x08000a44                OTG_FS_IRQHandler
                0x08000a44                SPI3_IRQHandler
                0x08000a44                DMA1_Stream4_IRQHandler
                0x08000a44                I2C1_ER_IRQHandler
                0x08000a44                DMA2_Stream6_IRQHandler
                0x08000a44                DMA1_Stream3_IRQHandler
 .text.TIM3_IRQHandler
                0x08000a4c       0xdc ..\obj\drv_InputCapture.o
                0x08000a4c                TIM3_IRQHandler
 .text.NVIC_SetPriority
                0x08000b28       0x5c ..\obj\main.o
 .text.SysTick_Config
                0x08000b84       0x64 ..\obj\main.o
 .text.main     0x08000be8       0x74 ..\obj\main.o
                0x08000be8                main
 .text.RCC_GetClocksFreq
                0x08000c5c      0x1cc ..\obj\stm32f4xx_rcc.o
                0x08000c5c                RCC_GetClocksFreq
 .text.RCC_AHB1PeriphClockCmd
                0x08000e28       0x54 ..\obj\stm32f4xx_rcc.o
                0x08000e28                RCC_AHB1PeriphClockCmd
 .text.RCC_APB2PeriphClockCmd
                0x08000e7c       0x54 ..\obj\stm32f4xx_rcc.o
                0x08000e7c                RCC_APB2PeriphClockCmd
 .text.Usart_InitPeriph
                0x08000ed0      0x400 ..\obj\drv_USART.o
                0x08000ed0                Usart_InitPeriph
 .text.USART_Write
                0x080012d0       0xc0 ..\obj\drv_USART.o
                0x080012d0                USART_Write
 .text.USART_RccInit
                0x08001390       0x8c ..\obj\drv_USART.o
                0x08001390                USART_RccInit
 .text.USART_GetPeriphEnum
                0x0800141c       0x74 ..\obj\drv_USART.o
                0x0800141c                USART_GetPeriphEnum
 .text.BSP_Init
                0x08001490      0x164 ..\obj\bsp_carte.o
                0x08001490                BSP_Init
 .text.toString_GetPeriphral
                0x080015f4      0x140 ..\obj\bsp_carte.o
                0x080015f4                toString_GetPeriphral
 .text.toString_GetPin
                0x08001734      0x24c ..\obj\bsp_carte.o
                0x08001734                toString_GetPin
 .text.BSP_Init_RCCPeriph
                0x08001980      0x254 ..\obj\bsp_carte.o
                0x08001980                BSP_Init_RCCPeriph
 .text.GetPinSource
                0x08001bd4      0x108 ..\obj\bsp_carte.o
                0x08001bd4                GetPinSource
 .text.TSW_Start
                0x08001cdc       0x50 ..\obj\util_TSW.o
                0x08001cdc                TSW_Start
 .text.TSW_GetTimestamp
                0x08001d2c       0x18 ..\obj\util_TSW.o
                0x08001d2c                TSW_GetTimestamp
 .text.TSW_GetElapsedTime
                0x08001d44       0x24 ..\obj\util_TSW.o
                0x08001d44                TSW_GetElapsedTime
 .text.SysTick_Handler
                0x08001d68       0xd0 ..\obj\util_TSW.o
                0x08001d68                SysTick_Handler
 .text.DeleteTSW
                0x08001e38       0x28 ..\obj\util_TSW.o
 .text.InsertTSW
                0x08001e60       0x78 ..\obj\util_TSW.o
 .text.PrintChar
                0x08001ed8       0x24 ..\obj\printf.o
                0x08001ed8                PrintChar
 .text.PutChar  0x08001efc       0x24 ..\obj\printf.o
                0x08001efc                PutChar
 .text.PutString
                0x08001f20       0x48 ..\obj\printf.o
                0x08001f20                PutString
 .text.PutUnsignedInt
                0x08001f68       0xbc ..\obj\printf.o
                0x08001f68                PutUnsignedInt
 .text.PutSignedInt
                0x08002024      0x12c ..\obj\printf.o
                0x08002024                PutSignedInt
 .text.PutHexa  0x08002150       0xe8 ..\obj\printf.o
                0x08002150                PutHexa
 .text.vsnprintf
                0x08002238      0x2a4 ..\obj\printf.o
                0x08002238                vsnprintf
 .text.snprintf
                0x080024dc       0x34 ..\obj\printf.o
                0x080024dc                snprintf
 .text.vsprintf
                0x08002510       0x28 ..\obj\printf.o
                0x08002510                vsprintf
 .text.vfprintf
                0x08002538       0x6c ..\obj\printf.o
                0x08002538                vfprintf
 .text.vprintf  0x080025a4       0x2c ..\obj\printf.o
                0x080025a4                vprintf
 .text.printf   0x080025d0       0x2c ..\obj\printf.o
                0x080025d0                printf
 .text.sprintf  0x080025fc       0x30 ..\obj\printf.o
                0x080025fc                sprintf
 .text.fputc    0x0800262c       0x4c ..\obj\printf.o
                0x0800262c                fputc
 .text.fputs    0x08002678       0x50 ..\obj\printf.o
                0x08002678                fputs
 .text.Console_main
                0x080026c8       0x2c ..\obj\util_Console.o
                0x080026c8                Console_main
 .text.Console_Init
                0x080026f4       0x60 ..\obj\util_Console.o
                0x080026f4                Console_Init
 .text.GPIO_Init
                0x08002754      0x144 ..\obj\stm32f4xx_gpio.o
                0x08002754                GPIO_Init
 .text.GPIO_ReadInputDataBit
                0x08002898       0x3c ..\obj\stm32f4xx_gpio.o
                0x08002898                GPIO_ReadInputDataBit
 .text.GPIO_ReadOutputDataBit
                0x080028d4       0x3c ..\obj\stm32f4xx_gpio.o
                0x080028d4                GPIO_ReadOutputDataBit
 .text.GPIO_PinAFConfig
                0x08002910       0xa8 ..\obj\stm32f4xx_gpio.o
                0x08002910                GPIO_PinAFConfig
 .text.SystemInit
                0x080029b8       0x94 ..\obj\system_stm32f4xx.o
                0x080029b8                SystemInit
 .text.SystemCoreClockUpdate
                0x08002a4c      0x170 ..\obj\system_stm32f4xx.o
                0x08002a4c                SystemCoreClockUpdate
 .text.SetSysClock
                0x08002bbc      0x188 ..\obj\system_stm32f4xx.o
 .text.NVIC_Init
                0x08002d44       0xe4 ..\obj\misc.o
                0x08002d44                NVIC_Init
 .text.GPIO_Get
                0x08002e28       0xf4 ..\obj\drv_GPIO.o
                0x08002e28                GPIO_Get
 .text.GPIO_Value_toString
                0x08002f1c      0x110 ..\obj\drv_GPIO.o
                0x08002f1c                GPIO_Value_toString
 .text.PWM_GetConfiguration
                0x0800302c      0x19c ..\obj\drv_PWM.o
                0x0800302c                PWM_GetConfiguration
 .text.TIM2_IRQHandler
                0x080031c8        0xc ..\obj\drv_PWM.o
                0x080031c8                TIM2_IRQHandler
 .text.TIM4_IRQHandler
                0x080031d4        0xc ..\obj\drv_PWM.o
                0x080031d4                TIM4_IRQHandler
 .text.PWM_Save_GetTimPeriph
                0x080031e0      0x140 ..\obj\drv_PWM.o
                0x080031e0                PWM_Save_GetTimPeriph
 .text.PWM_Save_GetTimChannel
                0x08003320       0x70 ..\obj\drv_PWM.o
                0x08003320                PWM_Save_GetTimChannel
 .text.PWM_Value_toString
                0x08003390      0x1ec ..\obj\drv_PWM.o
                0x08003390                PWM_Value_toString
 .text.TIM_GetCapture3
                0x0800357c       0x18 ..\obj\stm32f4xx_tim.o
                0x0800357c                TIM_GetCapture3
 .text.TIM_ITConfig
                0x08003594       0x48 ..\obj\stm32f4xx_tim.o
                0x08003594                TIM_ITConfig
 .text.memcpy   0x080035dc      0x144 c:/program files (x86)/gnu tools arm embedded/4.7 2013q2/bin/../lib/gcc/arm-none-eabi/4.7.4/../../../../arm-none-eabi/lib/armv7e-m\libg.a(lib_a-memcpy.o)
                0x080035dc                memcpy
 .text.memset   0x08003720      0x12c c:/program files (x86)/gnu tools arm embedded/4.7 2013q2/bin/../lib/gcc/arm-none-eabi/4.7.4/../../../../arm-none-eabi/lib/armv7e-m\libg.a(lib_a-memset.o)
                0x08003720                memset
 .text.strlen   0x0800384c       0x60 c:/program files (x86)/gnu tools arm embedded/4.7 2013q2/bin/../lib/gcc/arm-none-eabi/4.7.4/../../../../arm-none-eabi/lib/armv7e-m\libg.a(lib_a-strlen.o)
                0x0800384c                strlen
 .text.strncat  0x080038ac       0x88 c:/program files (x86)/gnu tools arm embedded/4.7 2013q2/bin/../lib/gcc/arm-none-eabi/4.7.4/../../../../arm-none-eabi/lib/armv7e-m\libg.a(lib_a-strncat.o)
                0x080038ac                strncat
 .text.strncmp  0x08003934      0x120 c:/program files (x86)/gnu tools arm embedded/4.7 2013q2/bin/../lib/gcc/arm-none-eabi/4.7.4/../../../../arm-none-eabi/lib/armv7e-m\libg.a(lib_a-strncmp.o)
                0x08003934                strncmp
 .text.strncpy  0x08003a54      0x110 c:/program files (x86)/gnu tools arm embedded/4.7 2013q2/bin/../lib/gcc/arm-none-eabi/4.7.4/../../../../arm-none-eabi/lib/armv7e-m\libg.a(lib_a-strncpy.o)
                0x08003a54                strncpy
 *(.glue_7t)
 .glue_7t       0x00000000        0x0 linker stubs
 *(.glue_7)
 .glue_7        0x00000000        0x0 linker stubs
 *(.rodata .rodata* .gnu.linkonce.r.*)
 .rodata        0x08003b64      0x248 ..\obj\app_AffDebug.o
 .rodata        0x08003dac      0x158 ..\obj\drv_USART.o
 .rodata        0x08003f04      0x1b4 ..\obj\bsp_carte.o
 .rodata        0x080040b8      0x174 ..\obj\printf.o
 .rodata        0x0800422c      0x1c4 ..\obj\util_Console.o
 .rodata        0x080043f0      0x1c0 ..\obj\drv_GPIO.o
 .rodata        0x080045b0      0x1c4 ..\obj\drv_PWM.o

.vfp11_veneer   0x08004774        0x0
 .vfp11_veneer  0x00000000        0x0 linker stubs

.v4_bx          0x08004774        0x0
 .v4_bx         0x00000000        0x0 linker stubs

.iplt           0x08004774        0x0
 .iplt          0x00000000        0x0 ..\obj\stm32f4xx_syscfg.o

.rel.dyn        0x08004774        0x0
 .rel.iplt      0x00000000        0x0 ..\obj\stm32f4xx_syscfg.o

.ARM.extab
 *(.ARM.extab* .gnu.linkonce.armextab.*)
                0x08004774                __exidx_start = .

.ARM.exidx
 *(.ARM.exidx* .gnu.linkonce.armexidx.*)
                0x08004774                __exidx_end = .
                0x08004774                . = ALIGN (0x4)
                0x08004774                _etext = .
                0x08004774                _sidata = .

.data           0x20000000      0x798 load address 0x08004774
                0x20000000                _sdata = .
 *(.data .data.*)
 .data          0x20000000      0x33c ..\obj\app_AffDebug.o
                0x20000000                DonneAffiche
 .data          0x2000033c       0x10 ..\obj\stm32f4xx_rcc.o
 .data          0x2000034c        0x4 ..\obj\util_TSW.o
 .data          0x20000350      0x430 ..\obj\printf.o
                0x20000350                r
                0x20000778                _impure_ptr
 .data          0x20000780        0x4 ..\obj\util_Console.o
 .data          0x20000784       0x14 ..\obj\system_stm32f4xx.o
                0x20000784                SystemCoreClock
                0x20000788                AHBPrescTable
                0x20000798                . = ALIGN (0x4)
                0x20000798                _edata = .

.igot.plt       0x20000798        0x0 load address 0x08004f0c
 .igot.plt      0x00000000        0x0 ..\obj\stm32f4xx_syscfg.o

.bss            0x20000798      0x32c load address 0x08004f0c
                0x20000798                _sbss = .
 *(.bss .bss.*)
 .bss           0x20000798       0x20 ..\obj\app_AffDebug.o
 .bss           0x200007b8        0xc ..\obj\drv_InputCapture.o
 .bss           0x200007c4       0x30 ..\obj\drv_USART.o
                0x200007c4                __USART
 .bss           0x200007f4        0xc ..\obj\bsp_carte.o
 .bss           0x20000800       0x1c ..\obj\util_TSW.o
                0x20000800                msTicks
 .bss           0x2000081c        0x1 ..\obj\util_Console.o
 *fill*         0x2000081d        0x3 00
 .bss           0x20000820      0x2a0 ..\obj\drv_PWM.o
 *(COMMON)
 COMMON         0x20000ac0        0x4 ..\obj\drv_InputCapture.o
                0x20000ac0                CaptureValue
                0x20000ac4                . = ALIGN (0x4)
                0x20000ac4                _ebss = .

.co_stack       0x20000ac4      0x804 load address 0x08005238
                0x20000ac8                . = ALIGN (0x8)
 *fill*         0x20000ac4        0x4 00
 *(.co_stack .co_stack.*)
 .co_stack      0x20000ac8      0x800 ..\obj\startup_stm32f4xx.o
                0x20000ac8                pulStack
                0x200012c8                . = ALIGN (0x4)
                0x200012c8                _end = .
LOAD ..\obj\stm32f4xx_syscfg.o
LOAD ..\obj\stm32f4xx_usart.o
LOAD ..\obj\stm32f4xx_pwr.o
LOAD ..\obj\app_AffDebug.o
LOAD ..\obj\startup_stm32f4xx.o
LOAD ..\obj\drv_InputCapture.o
LOAD ..\obj\main.o
LOAD ..\obj\stm32f4xx_rcc.o
LOAD ..\obj\drv_USART.o
LOAD ..\obj\bsp_carte.o
LOAD ..\obj\util_TSW.o
LOAD ..\obj\printf.o
LOAD ..\obj\drv_TimBase.o
LOAD ..\obj\util_Console.o
LOAD ..\obj\stm32f4xx_gpio.o
LOAD ..\obj\system_stm32f4xx.o
LOAD ..\obj\syscalls.o
LOAD ..\obj\util_Inversion.o
LOAD ..\obj\misc.o
LOAD ..\obj\drv_GPIO.o
LOAD ..\obj\drv_PWM.o
LOAD ..\obj\stm32f4xx_tim.o
START GROUP
LOAD c:/program files (x86)/gnu tools arm embedded/4.7 2013q2/bin/../lib/gcc/arm-none-eabi/4.7.4/armv7e-m\libgcc.a
LOAD c:/program files (x86)/gnu tools arm embedded/4.7 2013q2/bin/../lib/gcc/arm-none-eabi/4.7.4/../../../../arm-none-eabi/lib/armv7e-m\libg.a
LOAD c:/program files (x86)/gnu tools arm embedded/4.7 2013q2/bin/../lib/gcc/arm-none-eabi/4.7.4/../../../../arm-none-eabi/lib/armv7e-m\libc.a
END GROUP
OUTPUT(Dev_DrvPWM.elf elf32-littlearm)

.debug_info     0x00000000     0xc3b5
 .debug_info    0x00000000      0xa65 ..\obj\stm32f4xx_usart.o
 .debug_info    0x00000a65      0xba0 ..\obj\app_AffDebug.o
 .debug_info    0x00001605      0x103 ..\obj\startup_stm32f4xx.o
 .debug_info    0x00001708      0xb6b ..\obj\drv_InputCapture.o
 .debug_info    0x00002273      0xe26 ..\obj\main.o
 .debug_info    0x00003099      0xd49 ..\obj\stm32f4xx_rcc.o
 .debug_info    0x00003de2      0xd05 ..\obj\drv_USART.o
 .debug_info    0x00004ae7      0x8dc ..\obj\bsp_carte.o
 .debug_info    0x000053c3      0xacd ..\obj\util_TSW.o
 .debug_info    0x00005e90     0x15c2 ..\obj\printf.o
 .debug_info    0x00007452      0x8ef ..\obj\util_Console.o
 .debug_info    0x00007d41      0x640 ..\obj\stm32f4xx_gpio.o
 .debug_info    0x00008381      0x5f5 ..\obj\system_stm32f4xx.o
 .debug_info    0x00008976      0x592 ..\obj\misc.o
 .debug_info    0x00008f08      0x89d ..\obj\drv_GPIO.o
 .debug_info    0x000097a5      0xd93 ..\obj\drv_PWM.o
 .debug_info    0x0000a538     0x1e7d ..\obj\stm32f4xx_tim.o

.debug_abbrev   0x00000000     0x1a5e
 .debug_abbrev  0x00000000      0x157 ..\obj\stm32f4xx_usart.o
 .debug_abbrev  0x00000157      0x1ae ..\obj\app_AffDebug.o
 .debug_abbrev  0x00000305       0xb2 ..\obj\startup_stm32f4xx.o
 .debug_abbrev  0x000003b7      0x1a5 ..\obj\drv_InputCapture.o
 .debug_abbrev  0x0000055c      0x186 ..\obj\main.o
 .debug_abbrev  0x000006e2      0x1e5 ..\obj\stm32f4xx_rcc.o
 .debug_abbrev  0x000008c7      0x1a1 ..\obj\drv_USART.o
 .debug_abbrev  0x00000a68      0x158 ..\obj\bsp_carte.o
 .debug_abbrev  0x00000bc0      0x1f8 ..\obj\util_TSW.o
 .debug_abbrev  0x00000db8      0x29f ..\obj\printf.o
 .debug_abbrev  0x00001057      0x16c ..\obj\util_Console.o
 .debug_abbrev  0x000011c3      0x1a5 ..\obj\stm32f4xx_gpio.o
 .debug_abbrev  0x00001368      0x138 ..\obj\system_stm32f4xx.o
 .debug_abbrev  0x000014a0      0x129 ..\obj\misc.o
 .debug_abbrev  0x000015c9      0x140 ..\obj\drv_GPIO.o
 .debug_abbrev  0x00001709      0x1cc ..\obj\drv_PWM.o
 .debug_abbrev  0x000018d5      0x189 ..\obj\stm32f4xx_tim.o

.debug_loc      0x00000000     0x3966
 .debug_loc     0x00000000      0x658 ..\obj\stm32f4xx_usart.o
 .debug_loc     0x00000658      0x13c ..\obj\app_AffDebug.o
 .debug_loc     0x00000794       0x64 ..\obj\startup_stm32f4xx.o
 .debug_loc     0x000007f8      0x10c ..\obj\drv_InputCapture.o
 .debug_loc     0x00000904       0xa8 ..\obj\main.o
 .debug_loc     0x000009ac      0x97c ..\obj\stm32f4xx_rcc.o
 .debug_loc     0x00001328      0x118 ..\obj\drv_USART.o
 .debug_loc     0x00001440      0x118 ..\obj\bsp_carte.o
 .debug_loc     0x00001558      0x2c0 ..\obj\util_TSW.o
 .debug_loc     0x00001818      0x3ea ..\obj\printf.o
 .debug_loc     0x00001c02      0x114 ..\obj\util_Console.o
 .debug_loc     0x00001d16      0x310 ..\obj\stm32f4xx_gpio.o
 .debug_loc     0x00002026       0x9c ..\obj\system_stm32f4xx.o
 .debug_loc     0x000020c2      0x118 ..\obj\misc.o
 .debug_loc     0x000021da       0xa8 ..\obj\drv_GPIO.o
 .debug_loc     0x00002282      0x2c4 ..\obj\drv_PWM.o
 .debug_loc     0x00002546     0x1420 ..\obj\stm32f4xx_tim.o

.debug_aranges  0x00000000      0x9e0
 .debug_aranges
                0x00000000      0x100 ..\obj\stm32f4xx_usart.o
 .debug_aranges
                0x00000100       0x48 ..\obj\app_AffDebug.o
 .debug_aranges
                0x00000148       0x28 ..\obj\startup_stm32f4xx.o
 .debug_aranges
                0x00000170       0x40 ..\obj\drv_InputCapture.o
 .debug_aranges
                0x000001b0       0x30 ..\obj\main.o
 .debug_aranges
                0x000001e0      0x178 ..\obj\stm32f4xx_rcc.o
 .debug_aranges
                0x00000358       0x40 ..\obj\drv_USART.o
 .debug_aranges
                0x00000398       0x40 ..\obj\bsp_carte.o
 .debug_aranges
                0x000003d8       0x80 ..\obj\util_TSW.o
 .debug_aranges
                0x00000458       0xa0 ..\obj\printf.o
 .debug_aranges
                0x000004f8       0x48 ..\obj\util_Console.o
 .debug_aranges
                0x00000540       0x88 ..\obj\stm32f4xx_gpio.o
 .debug_aranges
                0x000005c8       0x30 ..\obj\system_stm32f4xx.o
 .debug_aranges
                0x000005f8       0x40 ..\obj\misc.o
 .debug_aranges
                0x00000638       0x30 ..\obj\drv_GPIO.o
 .debug_aranges
                0x00000668       0x80 ..\obj\drv_PWM.o
 .debug_aranges
                0x000006e8      0x2f8 ..\obj\stm32f4xx_tim.o

.debug_ranges   0x00000000      0x8d0
 .debug_ranges  0x00000000       0xf0 ..\obj\stm32f4xx_usart.o
 .debug_ranges  0x000000f0       0x38 ..\obj\app_AffDebug.o
 .debug_ranges  0x00000128       0x18 ..\obj\startup_stm32f4xx.o
 .debug_ranges  0x00000140       0x30 ..\obj\drv_InputCapture.o
 .debug_ranges  0x00000170       0x20 ..\obj\main.o
 .debug_ranges  0x00000190      0x168 ..\obj\stm32f4xx_rcc.o
 .debug_ranges  0x000002f8       0x30 ..\obj\drv_USART.o
 .debug_ranges  0x00000328       0x30 ..\obj\bsp_carte.o
 .debug_ranges  0x00000358       0x70 ..\obj\util_TSW.o
 .debug_ranges  0x000003c8       0x90 ..\obj\printf.o
 .debug_ranges  0x00000458       0x38 ..\obj\util_Console.o
 .debug_ranges  0x00000490       0x78 ..\obj\stm32f4xx_gpio.o
 .debug_ranges  0x00000508       0x20 ..\obj\system_stm32f4xx.o
 .debug_ranges  0x00000528       0x30 ..\obj\misc.o
 .debug_ranges  0x00000558       0x20 ..\obj\drv_GPIO.o
 .debug_ranges  0x00000578       0x70 ..\obj\drv_PWM.o
 .debug_ranges  0x000005e8      0x2e8 ..\obj\stm32f4xx_tim.o

.debug_line     0x00000000     0x3bd1
 .debug_line    0x00000000      0x46b ..\obj\stm32f4xx_usart.o
 .debug_line    0x0000046b      0x33b ..\obj\app_AffDebug.o
 .debug_line    0x000007a6       0x9e ..\obj\startup_stm32f4xx.o
 .debug_line    0x00000844      0x296 ..\obj\drv_InputCapture.o
 .debug_line    0x00000ada      0x27f ..\obj\main.o
 .debug_line    0x00000d59      0x562 ..\obj\stm32f4xx_rcc.o
 .debug_line    0x000012bb      0x30a ..\obj\drv_USART.o
 .debug_line    0x000015c5      0x28a ..\obj\bsp_carte.o
 .debug_line    0x0000184f      0x370 ..\obj\util_TSW.o
 .debug_line    0x00001bbf      0x4ff ..\obj\printf.o
 .debug_line    0x000020be      0x2aa ..\obj\util_Console.o
 .debug_line    0x00002368      0x306 ..\obj\stm32f4xx_gpio.o
 .debug_line    0x0000266e      0x1b6 ..\obj\system_stm32f4xx.o
 .debug_line    0x00002824      0x20c ..\obj\misc.o
 .debug_line    0x00002a30      0x2a1 ..\obj\drv_GPIO.o
 .debug_line    0x00002cd1      0x4c0 ..\obj\drv_PWM.o
 .debug_line    0x00003191      0xa40 ..\obj\stm32f4xx_tim.o

.debug_str      0x00000000     0x3a56
 .debug_str     0x00000000      0x5c3 ..\obj\stm32f4xx_usart.o
                                0x62f (size before relaxing)
 .debug_str     0x000005c3      0x806 ..\obj\app_AffDebug.o
                                0x987 (size before relaxing)
 .debug_str     0x00000dc9       0xad ..\obj\startup_stm32f4xx.o
                                0x111 (size before relaxing)
 .debug_str     0x00000e76      0x6fc ..\obj\drv_InputCapture.o
                                0xc5b (size before relaxing)
 .debug_str     0x00001572      0x113 ..\obj\main.o
                                0xc72 (size before relaxing)
 .debug_str     0x00001685      0x5e0 ..\obj\stm32f4xx_rcc.o
                                0x7f0 (size before relaxing)
 .debug_str     0x00001c65      0x2bd ..\obj\drv_USART.o
                                0xe5c (size before relaxing)
 .debug_str     0x00001f22      0x162 ..\obj\bsp_carte.o
                                0x6a3 (size before relaxing)
 .debug_str     0x00002084      0x177 ..\obj\util_TSW.o
                                0x7c5 (size before relaxing)
 .debug_str     0x000021fb      0x4b6 ..\obj\printf.o
                                0xa28 (size before relaxing)
 .debug_str     0x000026b1      0x146 ..\obj\util_Console.o
                                0x796 (size before relaxing)
 .debug_str     0x000027f7      0x1a0 ..\obj\stm32f4xx_gpio.o
                                0x443 (size before relaxing)
 .debug_str     0x00002997       0xb1 ..\obj\system_stm32f4xx.o
                                0x34a (size before relaxing)
 .debug_str     0x00002a48      0x110 ..\obj\misc.o
                                0x379 (size before relaxing)
 .debug_str     0x00002b58       0x72 ..\obj\drv_GPIO.o
                                0x6b0 (size before relaxing)
 .debug_str     0x00002bca      0x4a1 ..\obj\drv_PWM.o
                                0xb24 (size before relaxing)
 .debug_str     0x0000306b      0x9eb ..\obj\stm32f4xx_tim.o
                                0xd70 (size before relaxing)

.comment        0x00000000       0x70
 .comment       0x00000000       0x70 ..\obj\stm32f4xx_usart.o
                                 0x71 (size before relaxing)
 .comment       0x00000000       0x71 ..\obj\app_AffDebug.o
 .comment       0x00000000       0x71 ..\obj\startup_stm32f4xx.o
 .comment       0x00000000       0x71 ..\obj\drv_InputCapture.o
 .comment       0x00000000       0x71 ..\obj\main.o
 .comment       0x00000000       0x71 ..\obj\stm32f4xx_rcc.o
 .comment       0x00000000       0x71 ..\obj\drv_USART.o
 .comment       0x00000000       0x71 ..\obj\bsp_carte.o
 .comment       0x00000000       0x71 ..\obj\util_TSW.o
 .comment       0x00000000       0x71 ..\obj\printf.o
 .comment       0x00000000       0x71 ..\obj\util_Console.o
 .comment       0x00000000       0x71 ..\obj\stm32f4xx_gpio.o
 .comment       0x00000000       0x71 ..\obj\system_stm32f4xx.o
 .comment       0x00000000       0x71 ..\obj\misc.o
 .comment       0x00000000       0x71 ..\obj\drv_GPIO.o
 .comment       0x00000000       0x71 ..\obj\drv_PWM.o
 .comment       0x00000000       0x71 ..\obj\stm32f4xx_tim.o

.ARM.attributes
                0x00000000       0x33
 .ARM.attributes
                0x00000000       0x33 ..\obj\stm32f4xx_usart.o
 .ARM.attributes
                0x00000033       0x33 ..\obj\app_AffDebug.o
 .ARM.attributes
                0x00000066       0x33 ..\obj\startup_stm32f4xx.o
 .ARM.attributes
                0x00000099       0x33 ..\obj\drv_InputCapture.o
 .ARM.attributes
                0x000000cc       0x33 ..\obj\main.o
 .ARM.attributes
                0x000000ff       0x33 ..\obj\stm32f4xx_rcc.o
 .ARM.attributes
                0x00000132       0x33 ..\obj\drv_USART.o
 .ARM.attributes
                0x00000165       0x33 ..\obj\bsp_carte.o
 .ARM.attributes
                0x00000198       0x33 ..\obj\util_TSW.o
 .ARM.attributes
                0x000001cb       0x33 ..\obj\printf.o
 .ARM.attributes
                0x000001fe       0x33 ..\obj\util_Console.o
 .ARM.attributes
                0x00000231       0x33 ..\obj\stm32f4xx_gpio.o
 .ARM.attributes
                0x00000264       0x33 ..\obj\system_stm32f4xx.o
 .ARM.attributes
                0x00000297       0x33 ..\obj\misc.o
 .ARM.attributes
                0x000002ca       0x33 ..\obj\drv_GPIO.o
 .ARM.attributes
                0x000002fd       0x33 ..\obj\drv_PWM.o
 .ARM.attributes
                0x00000330       0x33 ..\obj\stm32f4xx_tim.o
 .ARM.attributes
                0x00000363       0x2e c:/program files (x86)/gnu tools arm embedded/4.7 2013q2/bin/../lib/gcc/arm-none-eabi/4.7.4/../../../../arm-none-eabi/lib/armv7e-m\libg.a(lib_a-memcpy.o)
 .ARM.attributes
                0x00000391       0x2e c:/program files (x86)/gnu tools arm embedded/4.7 2013q2/bin/../lib/gcc/arm-none-eabi/4.7.4/../../../../arm-none-eabi/lib/armv7e-m\libg.a(lib_a-memset.o)
 .ARM.attributes
                0x000003bf       0x2e c:/program files (x86)/gnu tools arm embedded/4.7 2013q2/bin/../lib/gcc/arm-none-eabi/4.7.4/../../../../arm-none-eabi/lib/armv7e-m\libg.a(lib_a-strlen.o)
 .ARM.attributes
                0x000003ed       0x2e c:/program files (x86)/gnu tools arm embedded/4.7 2013q2/bin/../lib/gcc/arm-none-eabi/4.7.4/../../../../arm-none-eabi/lib/armv7e-m\libg.a(lib_a-strncat.o)
 .ARM.attributes
                0x0000041b       0x2e c:/program files (x86)/gnu tools arm embedded/4.7 2013q2/bin/../lib/gcc/arm-none-eabi/4.7.4/../../../../arm-none-eabi/lib/armv7e-m\libg.a(lib_a-strncmp.o)
 .ARM.attributes
                0x00000449       0x2e c:/program files (x86)/gnu tools arm embedded/4.7 2013q2/bin/../lib/gcc/arm-none-eabi/4.7.4/../../../../arm-none-eabi/lib/armv7e-m\libg.a(lib_a-strncpy.o)

.debug_frame    0x00000000     0x1ffc
 .debug_frame   0x00000000      0x344 ..\obj\stm32f4xx_usart.o
 .debug_frame   0x00000344       0xc8 ..\obj\app_AffDebug.o
 .debug_frame   0x0000040c       0x48 ..\obj\startup_stm32f4xx.o
 .debug_frame   0x00000454       0xa4 ..\obj\drv_InputCapture.o
 .debug_frame   0x000004f8       0x6c ..\obj\main.o
 .debug_frame   0x00000564      0x4d8 ..\obj\stm32f4xx_rcc.o
 .debug_frame   0x00000a3c       0xac ..\obj\drv_USART.o
 .debug_frame   0x00000ae8       0xa8 ..\obj\bsp_carte.o
 .debug_frame   0x00000b90      0x190 ..\obj\util_TSW.o
 .debug_frame   0x00000d20      0x248 ..\obj\printf.o
 .debug_frame   0x00000f68       0xb4 ..\obj\util_Console.o
 .debug_frame   0x0000101c      0x19c ..\obj\stm32f4xx_gpio.o
 .debug_frame   0x000011b8       0x64 ..\obj\system_stm32f4xx.o
 .debug_frame   0x0000121c       0x9c ..\obj\misc.o
 .debug_frame   0x000012b8       0x70 ..\obj\drv_GPIO.o
 .debug_frame   0x00001328      0x198 ..\obj\drv_PWM.o
 .debug_frame   0x000014c0      0xa3c ..\obj\stm32f4xx_tim.o
 .debug_frame   0x00001efc       0x30 c:/program files (x86)/gnu tools arm embedded/4.7 2013q2/bin/../lib/gcc/arm-none-eabi/4.7.4/../../../../arm-none-eabi/lib/armv7e-m\libg.a(lib_a-memcpy.o)
 .debug_frame   0x00001f2c       0x2c c:/program files (x86)/gnu tools arm embedded/4.7 2013q2/bin/../lib/gcc/arm-none-eabi/4.7.4/../../../../arm-none-eabi/lib/armv7e-m\libg.a(lib_a-memset.o)
 .debug_frame   0x00001f58       0x20 c:/program files (x86)/gnu tools arm embedded/4.7 2013q2/bin/../lib/gcc/arm-none-eabi/4.7.4/../../../../arm-none-eabi/lib/armv7e-m\libg.a(lib_a-strlen.o)
 .debug_frame   0x00001f78       0x2c c:/program files (x86)/gnu tools arm embedded/4.7 2013q2/bin/../lib/gcc/arm-none-eabi/4.7.4/../../../../arm-none-eabi/lib/armv7e-m\libg.a(lib_a-strncat.o)
 .debug_frame   0x00001fa4       0x2c c:/program files (x86)/gnu tools arm embedded/4.7 2013q2/bin/../lib/gcc/arm-none-eabi/4.7.4/../../../../arm-none-eabi/lib/armv7e-m\libg.a(lib_a-strncmp.o)
 .debug_frame   0x00001fd0       0x2c c:/program files (x86)/gnu tools arm embedded/4.7 2013q2/bin/../lib/gcc/arm-none-eabi/4.7.4/../../../../arm-none-eabi/lib/armv7e-m\libg.a(lib_a-strncpy.o)
